<html>
    <head>
        <title>Attribute Test</title>
    </head>
    <body>
        <div class="first">some text</div><div class="second">more text</div>
        <div class="third">even more text</div>
    </body>
</html>