<html>
    <head>
        <title>The title has been replaced!</title>
    </head>
    <body>
        This text should not be REPLACEME!
    </body>
</html>