<html>
    <head>
        <title>Comment Test</title>
    </head>
    <body>
        <div class="first"></div><div class="second"></div>
    </body>
</html>