<html>
    <head>
        <title>Element Test</title>
    </head>
    <body>
        <div class="first"><new-element>this is new content</new-element>some text</div><div class="second">more text</div>
        <div class="third">even more text</div>
    </body>
</html>